app/(tabs)/index.tsx(146,15): error TS2774: This condition will always return true since this function is always defined. Did you mean to call it instead?
app/(tabs)/index.tsx(150,12): error TS2774: This condition will always return true since this function is always defined. Did you mean to call it instead?
app/(tabs)/index.tsx(151,13): error TS2774: This condition will always return true since this function is always defined. Did you mean to call it instead?
app/(tabs)/index.tsx(155,18): error TS2774: This condition will always return true since this function is always defined. Did you mean to call it instead?
app/(tabs)/index.tsx(176,16): error TS2774: This condition will always return true since this function is always defined. Did you mean to call it instead?
app/(tabs)/index.tsx(180,22): error TS2774: This condition will always return true since this function is always defined. Did you mean to call it instead?
app/(tabs)/index.tsx(182,16): error TS2774: This condition will always return true since this function is always defined. Did you mean to call it instead?
app/(tabs)/index.tsx(187,18): error TS2774: This condition will always return true since this function is always defined. Did you mean to call it instead?
app/(tabs)/index.tsx(193,16): error TS2774: This condition will always return true since this function is always defined. Did you mean to call it instead?
app/(tabs)/index.tsx(198,16): error TS2774: This condition will always return true since this function is always defined. Did you mean to call it instead?
app/(tabs)/index.tsx(202,16): error TS2774: This condition will always return true since this function is always defined. Did you mean to call it instead?
app/add-review.tsx(867,37): error TS2339: Property 'documentDirectory' does not exist on type 'typeof import("C:/Usman/App/ReviewsApp/ReviewsApp/node_modules/expo-file-system/build/index")'.
app/add-review.tsx(882,30): error TS2339: Property 'EncodingType' does not exist on type 'typeof import("C:/Usman/App/ReviewsApp/ReviewsApp/node_modules/expo-file-system/build/index")'.
app/add-review.tsx(1057,6): error TS2304: Cannot find name 'AnimatedEntry'.
app/add-review.tsx(1778,7): error TS2304: Cannot find name 'AnimatedEntry'.
app/add-review.tsx(1809,18): error TS2774: This condition will always return true since this function is always defined. Did you mean to call it instead?
app/dashboard.tsx(443,29): error TS2774: This condition will always return true since this function is always defined. Did you mean to call it instead?
app/review-detail.tsx(416,14): error TS2304: Cannot find name 'IconButton'.
app/reviews-list.tsx(57,42): error TS2304: Cannot find name 'Review'.
app/reviews-list.tsx(84,18): error TS2304: Cannot find name 'useSafeAreaInsets'.
app/reviews-list.tsx(111,13): error TS2304: Cannot find name 'initializeDataStorage'.
app/reviews-list.tsx(112,32): error TS2304: Cannot find name 'getAllReviews'.
app/reviews-list.tsx(158,5): error TS2304: Cannot find name 'hapticsButtonPress'.
app/reviews-list.tsx(163,59): error TS2304: Cannot find name 'hapticsButtonPress'.
app/reviews-list.tsx(169,15): error TS2304: Cannot find name 'hapticsDelete'.
app/reviews-list.tsx(170,21): error TS2304: Cannot find name 'deleteReview'.
app/reviews-list.tsx(183,49): error TS2304: Cannot find name 'Review'.
app/reviews-list.tsx(200,53): error TS2304: Cannot find name 'Review'.
app/reviews-list.tsx(202,46): error TS2304: Cannot find name 'Review'.
app/reviews-list.tsx(209,55): error TS2304: Cannot find name 'Review'.
app/reviews-list.tsx(332,56): error TS2304: Cannot find name 'Review'.
app/reviews-list.tsx(414,14): error TS2304: Cannot find name 'StarRating'.
app/reviews-list.tsx(492,42): error TS2304: Cannot find name 'Review'.
app/reviews-list.tsx(496,43): error TS2304: Cannot find name 'Review'.
app/reviews-list.tsx(505,5): error TS2304: Cannot find name 'hapticsButtonPress'.
app/reviews-list.tsx(578,15): error TS2304: Cannot find name 'hapticsButtonPress'.
app/reviews-list.tsx(581,23): error TS2304: Cannot find name 'exportToExcel'.
app/reviews-list.tsx(640,93): error TS2304: Cannot find name 'hapticsFilterSelect'.
app/reviews-list.tsx(641,92): error TS2304: Cannot find name 'hapticsFilterSelect'.
app/reviews-list.tsx(643,95): error TS2304: Cannot find name 'hapticsFilterSelect'.
app/reviews-list.tsx(644,94): error TS2304: Cannot find name 'hapticsFilterSelect'.
app/reviews-list.tsx(646,92): error TS2304: Cannot find name 'hapticsFilterSelect'.
app/reviews-list.tsx(647,93): error TS2304: Cannot find name 'hapticsFilterSelect'.
app/reviews-list.tsx(666,104): error TS2304: Cannot find name 'hapticsFilterSelect'.
app/reviews-list.tsx(667,155): error TS2304: Cannot find name 'hapticsFilterSelect'.
app/reviews-list.tsx(668,145): error TS2304: Cannot find name 'hapticsFilterSelect'.
app/reviews-list.tsx(687,102): error TS2304: Cannot find name 'hapticsFilterSelect'.
app/reviews-list.tsx(695,21): error TS2304: Cannot find name 'hapticsFilterSelect'.
app/reviews-list.tsx(718,104): error TS2304: Cannot find name 'hapticsFilterSelect'.
app/reviews-list.tsx(726,21): error TS2304: Cannot find name 'hapticsFilterSelect'.
app/reviews-list.tsx(749,95): error TS2304: Cannot find name 'hapticsFilterSelect'.
app/reviews-list.tsx(750,120): error TS2304: Cannot find name 'hapticsFilterSelect'.
app/reviews-list.tsx(751,120): error TS2304: Cannot find name 'hapticsFilterSelect'.
app/reviews-list.tsx(752,120): error TS2304: Cannot find name 'hapticsFilterSelect'.
app/reviews-list.tsx(758,32): error TS2304: Cannot find name 'hapticsFilterSelect'.
app/reviews-list.tsx(769,32): error TS2304: Cannot find name 'hapticsFilterSelect'.
app/reviews-list.tsx(807,16): error TS2304: Cannot find name 'StarRating'.
app/reviews-list.tsx(876,20): error TS2774: This condition will always return true since this function is always defined. Did you mean to call it instead?
app/reviews-list.tsx(900,18): error TS2774: This condition will always return true since this function is always defined. Did you mean to call it instead?
components/EmptyState.tsx(95,15): error TS2774: This condition will always return true since this function is always defined. Did you mean to call it instead?
components/EmptyState.tsx(98,12): error TS2774: This condition will always return true since this function is always defined. Did you mean to call it instead?
components/EmptyState.tsx(99,13): error TS2774: This condition will always return true since this function is always defined. Did you mean to call it instead?
components/EmptyState.tsx(100,19): error TS2774: This condition will always return true since this function is always defined. Did you mean to call it instead?
components/EmptyState.tsx(107,18): error TS2774: This condition will always return true since this function is always defined. Did you mean to call it instead?
components/EmptyState.tsx(110,18): error TS2774: This condition will always return true since this function is always defined. Did you mean to call it instead?
components/EmptyState.tsx(124,15): error TS2774: This condition will always return true since this function is always defined. Did you mean to call it instead?
components/ResponsiveLayout.tsx(60,9): error TS2774: This condition will always return true since this function is always defined. Did you mean to call it instead?
components/ResponsiveLayout.tsx(62,9): error TS2774: This condition will always return true since this function is always defined. Did you mean to call it instead?
components/ResponsiveLayout.tsx(153,15): error TS2774: This condition will always return true since this function is always defined. Did you mean to call it instead?
components/ResponsiveTest.tsx(122,47): error TS2552: Cannot find name 'responsive'. Did you mean 'Response'?
components/ResponsiveTest.tsx(130,28): error TS2552: Cannot find name 'responsive'. Did you mean 'Response'?
components/ResponsiveTest.tsx(145,58): error TS2552: Cannot find name 'responsive'. Did you mean 'Response'?
components/ResponsiveTest.tsx(148,58): error TS2552: Cannot find name 'responsive'. Did you mean 'Response'?
components/ResponsiveTest.tsx(151,58): error TS2552: Cannot find name 'responsive'. Did you mean 'Response'?
components/ResponsiveTest.tsx(154,58): error TS2552: Cannot find name 'responsive'. Did you mean 'Response'?
components/SkeletonLoader.tsx(67,35): error TS2774: This condition will always return true since this function is always defined. Did you mean to call it instead?
components/SkeletonLoader.tsx(68,35): error TS2774: This condition will always return true since this function is always defined. Did you mean to call it instead?
components/SkeletonLoader.tsx(72,35): error TS2774: This condition will always return true since this function is always defined. Did you mean to call it instead?
components/SkeletonLoader.tsx(73,35): error TS2774: This condition will always return true since this function is always defined. Did you mean to call it instead?
components/SkeletonLoader.tsx(77,35): error TS2774: This condition will always return true since this function is always defined. Did you mean to call it instead?
components/SkeletonLoader.tsx(78,35): error TS2774: This condition will always return true since this function is always defined. Did you mean to call it instead?
components/SkeletonLoader.tsx(82,35): error TS2774: This condition will always return true since this function is always defined. Did you mean to call it instead?
components/SkeletonLoader.tsx(83,35): error TS2774: This condition will always return true since this function is always defined. Did you mean to call it instead?
components/SkeletonLoader.tsx(102,33): error TS2774: This condition will always return true since this function is always defined. Did you mean to call it instead?
components/SkeletonLoader.tsx(103,33): error TS2774: This condition will always return true since this function is always defined. Did you mean to call it instead?
components/SkeletonLoader.tsx(104,33): error TS2774: This condition will always return true since this function is always defined. Did you mean to call it instead?
components/StylusCanvas.tsx(746,34): error TS2339: Property 'EncodingType' does not exist on type 'typeof import("C:/Usman/App/ReviewsApp/ReviewsApp/node_modules/expo-file-system/build/index")'.
components/StylusCanvas.tsx(836,9): error TS2769: No overload matches this call.
  Overload 1 of 2, '(props: IOSWebViewProps & AndroidWebViewProps & WindowsWebViewProps): WebView<{}>', gave the following error.
    Type '{ ref: RefObject<WebView<{}> | null>; source: { html: string; }; style: { flex: number; backgroundColor: string; }; onMessage: (event: any) => void; injectedJavaScript: string; ... 14 more ...; mixedContentMode: "always"; }' is not assignable to type 'IntrinsicAttributes & IntrinsicClassAttributes<WebView<{}>> & Readonly<IOSWebViewProps & AndroidWebViewProps & WindowsWebViewProps>'.
      Property 'androidHardwareAccelerationDisabled' does not exist on type 'IntrinsicAttributes & IntrinsicClassAttributes<WebView<{}>> & Readonly<IOSWebViewProps & AndroidWebViewProps & WindowsWebViewProps>'.
  Overload 2 of 2, '(props: IOSWebViewProps & AndroidWebViewProps & WindowsWebViewProps, context: any): WebView<{}>', gave the following error.
    Type '{ ref: RefObject<WebView<{}> | null>; source: { html: string; }; style: { flex: number; backgroundColor: string; }; onMessage: (event: any) => void; injectedJavaScript: string; ... 14 more ...; mixedContentMode: "always"; }' is not assignable to type 'IntrinsicAttributes & IntrinsicClassAttributes<WebView<{}>> & Readonly<IOSWebViewProps & AndroidWebViewProps & WindowsWebViewProps>'.
      Property 'androidHardwareAccelerationDisabled' does not exist on type 'IntrinsicAttributes & IntrinsicClassAttributes<WebView<{}>> & Readonly<IOSWebViewProps & AndroidWebViewProps & WindowsWebViewProps>'.
utils/dataMigration.ts(98,9): error TS2741: Property 'reviewType' is missing in type '{ id: string; timestamp: number; personalInfo: { name: string; email: string; profession: string; nationality: string; }; ratings: { [key: string]: number; }; overallRating: number; photos: string[]; handwrittenComment: string | undefined; textComment: string | undefined; }' but required in type 'Review'.
utils/storageTest.ts(91,24): error TS2345: Argument of type '{ id: string; timestamp: number; personalInfo: { name: string; email: string; profession: string; nationality: string; }; ratings: { service: number; quality: number; }; overallRating: number; textComment: string; handwrittenComment: string; photos: never[]; }' is not assignable to parameter of type 'Omit<Review, "id" | "timestamp">'.
  Property 'reviewType' is missing in type '{ id: string; timestamp: number; personalInfo: { name: string; email: string; profession: string; nationality: string; }; ratings: { service: number; quality: number; }; overallRating: number; textComment: string; handwrittenComment: string; photos: never[]; }' but required in type 'Omit<Review, "id" | "timestamp">'.
